% ViPEC RF Netlister
% Written by Matthew Ettus
% Based on code by Bas Gieltjes
CKT
	error	6 5 	% AMP1
	error	1 #<unspecified> 	% AMP2
	error	5 4 	% DEF1
	error	#<unspecified> 	% DEFAULTS
	error	4 3 	% FL1
	error	3 2 	% MX1
	error	6 	% SOURCE
	error	2 1 	% T1
	DEF2P	#<unspecified>  #<unspecified>
	TERM	50 50

