[
AMP1
none
cascade-amp


]
[
AMP2
none
cascade-amp


]
[
DEF1
none
cascade-defaults


]
[
DEFAULTS
PATTERN
cascade-defaults-top


]
[
FL1
none
cascade-filter


]
[
MX1
none
cascade-mixer


]
[
SOURCE
none
cascade-source


]
[
T1
none
cascade-transformer


]
(
unnamed_net6
AMP2-1
T1-2
)
(
unnamed_net5
T1-1
MX1-2
)
(
unnamed_net4
MX1-1
FL1-2
)
(
unnamed_net3
FL1-1
DEF1-2
)
(
unnamed_net2
DEF1-1
AMP1-2
)
(
unnamed_net1
AMP1-1
SOURCE-1
)
(
GND
DEFAULTS-1
)
