;; Gossip Netlist Created by gNetlist

;; Created By Matt Ettus <matt@ettus.com>
;; Libraries:

(use-library unknown *)
(define-block (not found (
(signals (unnamed_net6 unnamed_net5 unnamed_net4 unnamed_net3 unnamed_net2 unnamed_net1 GND))
   (AMP1)
   (AMP2)
   (DEF1)
   (DEFAULTS)
   (FL1)
   (MX1)
   (SOURCE)
   (T1)
