LAYOUT board;
PARTS
    A1 : unknown;
    Cm : unknown;
    Cp : unknown;
    M1 : unknown;
    Rb : unknown;
    Rlm : unknown;
    Rlp : unknown;
    Rt : unknown;
    V1 : none;
    Vdd : none;
    X1 : unknown;
CONNECT
    /'Vdd1'/ Rlp.2=M1.B=M1.S=Vdd.1=X1.6;
    /'GND'/ Cm.2=Cp.2=Rlm.2=Vdd.2=V1.2=Rb.1=X1.7=X1.2;
    /'LVH'/ Rb.2=M1.D=M1.G=X1.3;
    /'i'/ V1.1=X1.1;
    /'p'/ Cp.1=Rt.1=Rlp.1=X1.5;
    /'m'/ Cm.1=Rlm.1=Rt.2=X1.4;
END.
