;; Gossip Netlist Created by gNetlist

;; Created By Matt Ettus <matt@ettus.com>
;; Libraries:

(use-library unknown *)
(define-block (not found (
(signals (Vdd1 GND LVH i p m))
   (A1)
   (Cm)
   (Cp)
   (M1)
   (Rb)
   (Rlm)
   (Rlp)
   (Rt)
   (V1)
   (Vdd)
   (X1)
