/* structural SystemC generated by gnetlist */
/* WARNING: This is a generated file, edits */
/*        made here will be lost next time  */
/*        you run gnetlist!                 */
/* Id ........gnet-systemc.scm (04/09/2003) */
/* Source...../home/geda/gnet-systemc.scm   */
/* Revision...0.3 (23/09/2003)              */
/* Author.....Jaume Masip                   */

#include "systemc.h"
#include "model.h"
#include "CAPACITOR.h"
#include "CAPACITOR.h"
#include "PMOS_TRANSISTOR.h"
#include "RESISTOR.h"
#include "RESISTOR.h"
#include "RESISTOR.h"
#include "RESISTOR.h"
#include "vpulse.h"
#include "VOLTAGE_SOURCE.h"
#include "LVD.h"

SC_MODULE (not found)
{

/* Port directions begin here */

/* Wires from the design */
sc_signal<0> Vdd1;
sc_signal<0> GND;
sc_signal<0> LVH;
sc_signal<0> i;
sc_signal<0> p;
sc_signal<0> m;


/* Package instantiations */
model A1;
CAPACITOR Cm;
CAPACITOR Cp;
PMOS_TRANSISTOR M1;
RESISTOR Rb;
RESISTOR Rlm;
RESISTOR Rlp;
RESISTOR Rt;
vpulse V1;
VOLTAGE_SOURCE Vdd;
LVD X1;

SC_CTOR(not found):
    A1("A1"),
    Cm("Cm"),
    Cp("Cp"),
    M1("M1"),
    Rb("Rb"),
    Rlm("Rlm"),
    Rlp("Rlp"),
    Rt("Rt"),
    V1("V1"),
    Vdd("Vdd"),
    X1("X1")
  {
    Cm.1(m);
    Cm.2(GND);

    Cp.1(p);
    Cp.2(GND);

    M1.S(Vdd1);
    M1.B(Vdd1);
    M1.D(LVH);
    M1.G(LVH);

    Rb.2(LVH);
    Rb.1(GND);

    Rlm.2(GND);
    Rlm.1(m);

    Rlp.2(Vdd1);
    Rlp.1(p);

    Rt.2(m);
    Rt.1(p);

    V1.1(i);
    V1.2(GND);

    Vdd.1(Vdd1);
    Vdd.2(GND);

    X1.4(m);
    X1.5(p);
    X1.1(i);
    X1.3(LVH);
    X1.2(GND);
    X1.6(Vdd1);
    X1.7(GND);
  }
};

