*OrCAD
*START
*COMP A1	"unknown"
*COMP R1	"unknown"
*COMP V1	"none"
*NET "GND"
*NET "GND" V1."2" R1."1"
*NET "unnamed_net1"
*NET "unnamed_net1" V1."1" R1."2"

*END
