LAYOUT board;
PARTS
    A1 : unknown;
    R1 : unknown;
    V1 : none;
CONNECT
    /'GND'/ V1.2=R1.1;
    /'unnamed_net1'/ V1.1=R1.2;
END.
