-- Structural VAMS generated by gnetlist
-- Secondary unit

ARCHITECTURE default_architecture OF default_entity IS
	unknown DGND 	:  unknown;
	unknown GND 	:  unknown;
	unknown Vcc 	:  unknown;
	unknown netattrib 	:  unknown;
	unknown one 	:  unknown;
	unknown unnamed_net1 	:  unknown;
BEGIN
-- Architecture statement part

  F1 : ENTITY FUSE
	PORT MAP (	1 => one,
			2 => OPEN);

  U100 : ENTITY 7400
	GENERIC MAP (
			net => netattrib:5)
	PORT MAP (	1 => OPEN,
			2 => OPEN,
			3 => one,
			5 => netattrib,
			7 => GND,
			14 => Vcc);

  U200 : ENTITY 7404
	PORT MAP (	1 => one,
			2 => netattrib,
			7 => GND,
			14 => Vcc);

  U300 : ENTITY 7404
	PORT MAP (	1 => one,
			2 => unnamed_net1,
			7 => GND,
			14 => Vcc);

  U400 : ENTITY 7400
	PORT MAP (	1 => OPEN,
			2 => DGND,
			3 => OPEN,
			7 => GND,
			14 => Vcc);
END ARCHITECTURE default_architecture;
