Part unknown { Name F1 }
Part DIP14 { Name U100 }
Part DIP14 { Name U200 }
Part DIP14 { Name U300 }
Signal "GND"
  { U100-7 U200-7 U300-7 }
Signal "Vcc"
  { U100-14 U200-14 U300-14 }
Signal "netattrib"
  { U100-5 U200-2 }
Signal "one"
  { F1-1 U100-3 U200-1 U300-1 }
Signal "unnamed_net1"
  { U300-2 }
