*OrCAD
*START
*COMP F1	"unknown"
*COMP U100	"DIP14"
*COMP U200	"DIP14"
*COMP U300	"DIP14"
*NET "GND"
*NET "GND" U100."7" U200."7" U300."7"
*NET "Vcc"
*NET "Vcc" U100."14" U200."14" U300."14"
*NET "netattrib"
*NET "netattrib" U100."5" U200."2"
*NET "one"
*NET "one" F1."1" U100."3" U200."1" U300."1"
*NET "unnamed_net1"
*NET "unnamed_net1" U300."2"

*END
