!PADS-POWERPCB-V3.0-MILS!

*PART*
F1	unknown
U100	DIP14
U200	DIP14
U300	DIP14
U400	DIP14

*NET*
*SIGNAL* DGND
 U400.2
*SIGNAL* GND
 U100.7 U200.7 U300.7 U400.7
*SIGNAL* VCC
 U100.14 U200.14 U300.14 U400.14
*SIGNAL* NETATTRIB
 U100.5 U200.2
*SIGNAL* ONE
 F1.1 U100.3 U200.1 U300.1
*SIGNAL* UNNAMED_NET1
 U300.2

*END*
