;; Gossip Netlist Created by gNetlist

;; Created By Matt Ettus <matt@ettus.com>
;; Libraries:

(use-library unknown *)
(define-block (not found (
(signals (DGND GND Vcc netattrib one unnamed_net1))
   (F1)
   (U100)
   (U200)
   (U300)
   (U400)
