/GND	U100(7) U200(7) U300(7);
/Vcc	U100(14) U200(14) U300(14);
/netattrib	U100(5) U200(2);
/one	F1(1) U100(3) U200(1) U300(1);
/unnamed-net1	U300(2);
