v["U400","2"]=v["DGND"];
v["U100","7"]=v["GND"];
v["U200","7"]=v["GND"];
v["U300","7"]=v["GND"];
v["U400","7"]=v["GND"];
v["U100","14"]=v["Vcc"];
v["U200","14"]=v["Vcc"];
v["U300","14"]=v["Vcc"];
v["U400","14"]=v["Vcc"];
v["U100","5"]=v["netattrib"];
v["U200","2"]=v["netattrib"];
v["F1","1"]=v["one"];
v["U100","3"]=v["one"];
v["U200","1"]=v["one"];
v["U300","1"]=v["one"];
v["U300","2"]=v["unnamed_net1"];
nodeEquations={
i["U400","2"]==0,
i["U100","14"]+i["U200","14"]+i["U300","14"]+i["U400","14"]==0,
i["U100","5"]+i["U200","2"]==0,
i["F1","1"]+i["U100","3"]+i["U200","1"]+i["U300","1"]==0,
i["U300","2"]==0};
modelEquations={
fuse[value->f1]["F1"],
7400[value->u100]["U100"],
7404[value->u200]["U200"],
7404[value->u300]["U300"],
7400[value->u400]["U400"]};
variables={
v["DGND"],
v["Vcc"],
v["netattrib"],
v["one"],
v["unnamed_net1"],
i["F1","1"],
i["U100","3"],
i["U100","5"],
i["U100","7"],
i["U100","14"],
i["U200","1"],
i["U200","2"],
i["U200","7"],
i["U200","14"],
i["U300","1"],
i["U300","2"],
i["U300","7"],
i["U300","14"],
i["U400","2"],
i["U400","7"],
i["U400","14"]};
