refdes	refdes	value	device
F1	F1	unknown	FUSE
U100	U100	unknown	7400
U200	U200	unknown	7404
U300	U300	unknown	7404
