/* structural SystemC generated by gnetlist */
/* WARNING: This is a generated file, edits */
/*        made here will be lost next time  */
/*        you run gnetlist!                 */
/* Id ........gnet-systemc.scm (04/09/2003) */
/* Source...../home/geda/gnet-systemc.scm   */
/* Revision...0.3 (23/09/2003)              */
/* Author.....Jaume Masip                   */

#include "systemc.h"
#include "FUSE.h"
#include "7400.h"
#include "7404.h"
#include "7404.h"
#include "7400.h"

SC_MODULE (not found)
{

/* Port directions begin here */

/* Wires from the design */
sc_signal<0> DGND;
sc_signal<0> GND;
sc_signal<0> Vcc;
sc_signal<0> netattrib;
sc_signal<0> one;
sc_signal<0> unnamed_net1;


/* Package instantiations */
FUSE F1;
7400 U100;
7404 U200;
7404 U300;
7400 U400;

SC_CTOR(not found):
    F1("F1"),
    U100("U100"),
    U200("U200"),
    U300("U300"),
    U400("U400")
  {
    F1.1(one);

    U100.3(one);
    U100.5(netattrib);
    U100.7(GND);
    U100.14(Vcc);

    U200.1(one);
    U200.2(netattrib);
    U200.7(GND);
    U200.14(Vcc);

    U300.1(one);
    U300.2(unnamed_net1);
    U300.7(GND);
    U300.14(Vcc);

    U400.2(DGND);
    U400.7(GND);
    U400.14(Vcc);
  }
};

