START header

gEDA's netlist format
Created specifically for testing of gnetlist

END header

START components

F1 device=FUSE
U100 device=7400
U200 device=7404
U300 device=7404
U400 device=7400

END components

START renamed-nets

two -> one

END renamed-nets

START nets

DGND : U400 2
GND : U100 7, U200 7, U300 7, U400 7
Vcc : U100 14, U200 14, U300 14, U400 14
netattrib : U100 5, U200 2
one : F1 1, U100 3, U200 1, U300 1
unnamed_net1 : U300 2

END nets

