% ViPEC RF Netlister
% Written by Matthew Ettus
% Based on code by Bas Gieltjes
CKT
	error	4 #<unspecified> 	% F1
	error	#<unspecified> #<unspecified> 4 #<unspecified> #<unspecified> #<unspecified> 	% U100
	error	4 3 #<unspecified> #<unspecified> 	% U200
	error	4 5 #<unspecified> #<unspecified> 	% U300
	error	#<unspecified> 1 #<unspecified> #<unspecified> #<unspecified> 	% U400
	DEF2P	#<unspecified>  #<unspecified>
	TERM	50 50

