PINLIST,2
(DRAWING,GEDA.PIN,1-1
(SYM,1
DATA,2,F1
DATA,3,FUSE
DATA,4,unknown
PIN,,ONE,1-1,5,23,1
PIN,,#f,1-1,5,23,2
)
(SYM,2
DATA,2,U100
DATA,3,7400
DATA,4,DIP14
PIN,,#f,1-1,5,23,1
PIN,,#f,1-1,5,23,2
PIN,,ONE,1-1,5,23,3
PIN,,NETATTRI,1-1,5,23,unknown
PIN,,GND,1-1,5,23,unknown
PIN,,VCC,1-1,5,23,unknown
)
(SYM,3
DATA,2,U200
DATA,3,7404
DATA,4,DIP14
PIN,,ONE,1-1,5,23,1
PIN,,NETATTRI,1-1,5,23,2
PIN,,GND,1-1,5,23,unknown
PIN,,VCC,1-1,5,23,unknown
)
(SYM,4
DATA,2,U300
DATA,3,7404
DATA,4,DIP14
PIN,,ONE,1-1,5,23,1
PIN,,NET1,1-1,5,23,2
PIN,,GND,1-1,5,23,unknown
PIN,,VCC,1-1,5,23,unknown
)
)
SIG,GND,1-1,5,GND
SIG,VCC,1-1,5,VCC
SIG,NETATTRI,1-1,5,NETATTRI
SIG,ONE,1-1,5,ONE
SIG,NET1,1-1,5,NET1
)
