Checking non-numbered parts...

Checking duplicated references...

Checking NoConnection nets for connections...

Checking nets with only one connection...
ERROR: Net 'DGND' is connected to only one pin: U400:2.
ERROR: Net 'unnamed_net1' is connected to only one pin: U300:2.

Checking pins without the 'pintype' attribute...

Checking type of pins connected to a net...
ERROR: Net DGND is not driven.
ERROR: Pin(s) with pintype 'output': U200:2
	are connected by net 'netattrib'
	to pin(s) with pintype 'power': U100:5

Checking unconnected pins...
ERROR: Unconnected pin F1:2
ERROR: Unconnected pin U100:1
ERROR: Unconnected pin U100:2
ERROR: Unconnected pin U400:1
ERROR: Unconnected pin U400:3

Checking slots...

Checking duplicated slots...

Checking unused slots...
WARNING: Unused slot 2 of refdes U100
WARNING: Unused slot 3 of refdes U100
WARNING: Unused slot 4 of refdes U100
WARNING: Unused slot 2 of refdes U200
WARNING: Unused slot 3 of refdes U200
WARNING: Unused slot 4 of refdes U200
WARNING: Unused slot 5 of refdes U200
WARNING: Unused slot 6 of refdes U200
WARNING: Unused slot 2 of refdes U300
WARNING: Unused slot 3 of refdes U300
WARNING: Unused slot 4 of refdes U300
WARNING: Unused slot 5 of refdes U300
WARNING: Unused slot 6 of refdes U300
WARNING: Unused slot 2 of refdes U400
WARNING: Unused slot 3 of refdes U400
WARNING: Unused slot 4 of refdes U400

Found 16 warnings.
Found 9 errors.
