;; Gossip Netlist Created by gNetlist

;; Created By Matt Ettus <matt@ettus.com>
;; Libraries:

(use-library unknown *)
(define-block (not found (
(signals (ten eleven GND one five three two six seven nine eight))
   (C1)
   (C2)
   (C3)
   (C4)
   (CONN1)
   (F1)
   (R1)
   (R2)
   (S1)
   (T1)
   (U1)
   (U2)
