;; Gossip Netlist Created by gNetlist

;; Created By Matt Ettus <matt@ettus.com>
;; Libraries:

(use-library unknown *)
(define-block (not found (
(signals (unnamed_net2 Vbase2 Vem2 Vout VColl2 GND Vcc Vin unnamed_net1 Vbase1 Vem1 Vcoll1))
   (A1)
   (A2)
   (A3)
   (C1)
   (C2)
   (CE1)
   (CE2)
   (Cout)
   (Q1)
   (Q2)
   (R1)
   (R2)
   (R3)
   (R4)
   (R5)
   (R8)
   (RC1)
   (RC2)
   (RE1)
   (RE2)
   (RL)
   (VCC)
   (Vinput)
